// Jest Snapshot v1, https://goo.gl/fbAQLP

exports[`Pruebas al componente Items Renderizar la pagina correctamente 1`] = `
<Fragment>
  <li
    className="item"
    onClick={[Function]}
  >
    <button>
      Final Fantasy
    </button>
  </li>
</Fragment>
`;
